// Jest Snapshot v1, https://goo.gl/fbAQLP

exports[`Component tests Component renders correctly 1`] = `
ShallowWrapper {
  "length": 1,
  Symbol(enzyme.__root__): [Circular],
  Symbol(enzyme.__unrendered__): <Unknown />,
  Symbol(enzyme.__renderer__): Object {
    "batchedUpdates": [Function],
    "getNode": [Function],
    "render": [Function],
    "simulateEvent": [Function],
    "unmount": [Function],
  },
  Symbol(enzyme.__node__): Object {
    "instance": null,
    "key": undefined,
    "nodeType": "host",
    "props": Object {
      "children": Array [
        <h4
          className="alert-heading"
        >
          Error:
        </h4>,
        <p>
          Message: 
        </p>,
        <hr />,
        <p
          className="mb-0"
        >
          Stack trace: 
          <br />
        </p>,
        <button
          aria-label="Close"
          className="close"
          data-dismiss="alert"
          type="button"
        >
          <span
            aria-hidden="true"
          >
            ×
          </span>
        </button>,
      ],
      "className": "alert alert-warning alert-dismissible fade show",
      "role": "alert",
    },
    "ref": null,
    "rendered": Array [
      Object {
        "instance": null,
        "key": undefined,
        "nodeType": "host",
        "props": Object {
          "children": "Error:",
          "className": "alert-heading",
        },
        "ref": null,
        "rendered": "Error:",
        "type": "h4",
      },
      Object {
        "instance": null,
        "key": undefined,
        "nodeType": "host",
        "props": Object {
          "children": Array [
            "Message: ",
            undefined,
          ],
        },
        "ref": null,
        "rendered": Array [
          "Message: ",
          undefined,
        ],
        "type": "p",
      },
      Object {
        "instance": null,
        "key": undefined,
        "nodeType": "host",
        "props": Object {},
        "ref": null,
        "rendered": null,
        "type": "hr",
      },
      Object {
        "instance": null,
        "key": undefined,
        "nodeType": "host",
        "props": Object {
          "children": Array [
            "Stack trace: ",
            <br />,
            undefined,
          ],
          "className": "mb-0",
        },
        "ref": null,
        "rendered": Array [
          "Stack trace: ",
          Object {
            "instance": null,
            "key": undefined,
            "nodeType": "host",
            "props": Object {},
            "ref": null,
            "rendered": null,
            "type": "br",
          },
          undefined,
        ],
        "type": "p",
      },
      Object {
        "instance": null,
        "key": undefined,
        "nodeType": "host",
        "props": Object {
          "aria-label": "Close",
          "children": <span
            aria-hidden="true"
          >
            ×
          </span>,
          "className": "close",
          "data-dismiss": "alert",
          "type": "button",
        },
        "ref": null,
        "rendered": Object {
          "instance": null,
          "key": undefined,
          "nodeType": "host",
          "props": Object {
            "aria-hidden": "true",
            "children": "×",
          },
          "ref": null,
          "rendered": "×",
          "type": "span",
        },
        "type": "button",
      },
    ],
    "type": "div",
  },
  Symbol(enzyme.__nodes__): Array [
    Object {
      "instance": null,
      "key": undefined,
      "nodeType": "host",
      "props": Object {
        "children": Array [
          <h4
            className="alert-heading"
          >
            Error:
          </h4>,
          <p>
            Message: 
          </p>,
          <hr />,
          <p
            className="mb-0"
          >
            Stack trace: 
            <br />
          </p>,
          <button
            aria-label="Close"
            className="close"
            data-dismiss="alert"
            type="button"
          >
            <span
              aria-hidden="true"
            >
              ×
            </span>
          </button>,
        ],
        "className": "alert alert-warning alert-dismissible fade show",
        "role": "alert",
      },
      "ref": null,
      "rendered": Array [
        Object {
          "instance": null,
          "key": undefined,
          "nodeType": "host",
          "props": Object {
            "children": "Error:",
            "className": "alert-heading",
          },
          "ref": null,
          "rendered": "Error:",
          "type": "h4",
        },
        Object {
          "instance": null,
          "key": undefined,
          "nodeType": "host",
          "props": Object {
            "children": Array [
              "Message: ",
              undefined,
            ],
          },
          "ref": null,
          "rendered": Array [
            "Message: ",
            undefined,
          ],
          "type": "p",
        },
        Object {
          "instance": null,
          "key": undefined,
          "nodeType": "host",
          "props": Object {},
          "ref": null,
          "rendered": null,
          "type": "hr",
        },
        Object {
          "instance": null,
          "key": undefined,
          "nodeType": "host",
          "props": Object {
            "children": Array [
              "Stack trace: ",
              <br />,
              undefined,
            ],
            "className": "mb-0",
          },
          "ref": null,
          "rendered": Array [
            "Stack trace: ",
            Object {
              "instance": null,
              "key": undefined,
              "nodeType": "host",
              "props": Object {},
              "ref": null,
              "rendered": null,
              "type": "br",
            },
            undefined,
          ],
          "type": "p",
        },
        Object {
          "instance": null,
          "key": undefined,
          "nodeType": "host",
          "props": Object {
            "aria-label": "Close",
            "children": <span
              aria-hidden="true"
            >
              ×
            </span>,
            "className": "close",
            "data-dismiss": "alert",
            "type": "button",
          },
          "ref": null,
          "rendered": Object {
            "instance": null,
            "key": undefined,
            "nodeType": "host",
            "props": Object {
              "aria-hidden": "true",
              "children": "×",
            },
            "ref": null,
            "rendered": "×",
            "type": "span",
          },
          "type": "button",
        },
      ],
      "type": "div",
    },
  ],
  Symbol(enzyme.__options__): Object {
    "adapter": ReactSixteenAdapter {
      "options": Object {
        "enableComponentDidUpdateOnSetState": true,
      },
    },
  },
}
`;
