// Jest Snapshot v1, https://goo.gl/fbAQLP

exports[`ResultSorting Tests Component ResultSorting renders correctly 1`] = `
ShallowWrapper {
  "length": 1,
  Symbol(enzyme.__root__): [Circular],
  Symbol(enzyme.__unrendered__): <ResultSorting />,
  Symbol(enzyme.__renderer__): Object {
    "batchedUpdates": [Function],
    "getNode": [Function],
    "render": [Function],
    "simulateEvent": [Function],
    "unmount": [Function],
  },
  Symbol(enzyme.__node__): Object {
    "instance": null,
    "key": undefined,
    "nodeType": "host",
    "props": Object {
      "children": Array [
        "Sort by ",
        Array [
          <Unknown
            selected={true}
            text="release date"
          />,
          <Unknown
            selected={false}
            text="rating"
          />,
        ],
      ],
    },
    "ref": null,
    "rendered": Array [
      "Sort by ",
      Object {
        "instance": null,
        "key": "release date",
        "nodeType": "function",
        "props": Object {
          "selected": true,
          "text": "release date",
        },
        "ref": null,
        "rendered": null,
        "type": [Function],
      },
      Object {
        "instance": null,
        "key": "rating",
        "nodeType": "function",
        "props": Object {
          "selected": false,
          "text": "rating",
        },
        "ref": null,
        "rendered": null,
        "type": [Function],
      },
    ],
    "type": "div",
  },
  Symbol(enzyme.__nodes__): Array [
    Object {
      "instance": null,
      "key": undefined,
      "nodeType": "host",
      "props": Object {
        "children": Array [
          "Sort by ",
          Array [
            <Unknown
              selected={true}
              text="release date"
            />,
            <Unknown
              selected={false}
              text="rating"
            />,
          ],
        ],
      },
      "ref": null,
      "rendered": Array [
        "Sort by ",
        Object {
          "instance": null,
          "key": "release date",
          "nodeType": "function",
          "props": Object {
            "selected": true,
            "text": "release date",
          },
          "ref": null,
          "rendered": null,
          "type": [Function],
        },
        Object {
          "instance": null,
          "key": "rating",
          "nodeType": "function",
          "props": Object {
            "selected": false,
            "text": "rating",
          },
          "ref": null,
          "rendered": null,
          "type": [Function],
        },
      ],
      "type": "div",
    },
  ],
  Symbol(enzyme.__options__): Object {
    "adapter": ReactSixteenAdapter {
      "options": Object {
        "enableComponentDidUpdateOnSetState": true,
      },
    },
  },
}
`;
