// Jest Snapshot v1, https://goo.gl/fbAQLP

exports[`MoviePreviewDescription tests Component MoviePreviewDescription renders correctly 1`] = `
ShallowWrapper {
  "length": 1,
  Symbol(enzyme.__root__): [Circular],
  Symbol(enzyme.__unrendered__): <Unknown
    jenre="Horror"
    name="TestFilm"
    year="2018"
  />,
  Symbol(enzyme.__renderer__): Object {
    "batchedUpdates": [Function],
    "getNode": [Function],
    "render": [Function],
    "simulateEvent": [Function],
    "unmount": [Function],
  },
  Symbol(enzyme.__node__): Object {
    "instance": null,
    "key": undefined,
    "nodeType": "host",
    "props": Object {
      "children": Array [
        <h4>
          <Link
            replace={false}
            to="/movies/undefined"
          >
            TestFilm
          </Link>
        </h4>,
        <p>
          <Link
            replace={false}
            to="/movies/undefined"
          >
            Horror
             (
            2018
            )
          </Link>
        </p>,
      ],
    },
    "ref": null,
    "rendered": Array [
      Object {
        "instance": null,
        "key": undefined,
        "nodeType": "host",
        "props": Object {
          "children": <Link
            replace={false}
            to="/movies/undefined"
          >
            TestFilm
          </Link>,
        },
        "ref": null,
        "rendered": Object {
          "instance": null,
          "key": undefined,
          "nodeType": "class",
          "props": Object {
            "children": "TestFilm",
            "replace": false,
            "to": "/movies/undefined",
          },
          "ref": null,
          "rendered": "TestFilm",
          "type": [Function],
        },
        "type": "h4",
      },
      Object {
        "instance": null,
        "key": undefined,
        "nodeType": "host",
        "props": Object {
          "children": <Link
            replace={false}
            to="/movies/undefined"
          >
            Horror
             (
            2018
            )
          </Link>,
        },
        "ref": null,
        "rendered": Object {
          "instance": null,
          "key": undefined,
          "nodeType": "class",
          "props": Object {
            "children": Array [
              "Horror",
              " (",
              "2018",
              ")",
            ],
            "replace": false,
            "to": "/movies/undefined",
          },
          "ref": null,
          "rendered": Array [
            "Horror",
            " (",
            "2018",
            ")",
          ],
          "type": [Function],
        },
        "type": "p",
      },
    ],
    "type": "div",
  },
  Symbol(enzyme.__nodes__): Array [
    Object {
      "instance": null,
      "key": undefined,
      "nodeType": "host",
      "props": Object {
        "children": Array [
          <h4>
            <Link
              replace={false}
              to="/movies/undefined"
            >
              TestFilm
            </Link>
          </h4>,
          <p>
            <Link
              replace={false}
              to="/movies/undefined"
            >
              Horror
               (
              2018
              )
            </Link>
          </p>,
        ],
      },
      "ref": null,
      "rendered": Array [
        Object {
          "instance": null,
          "key": undefined,
          "nodeType": "host",
          "props": Object {
            "children": <Link
              replace={false}
              to="/movies/undefined"
            >
              TestFilm
            </Link>,
          },
          "ref": null,
          "rendered": Object {
            "instance": null,
            "key": undefined,
            "nodeType": "class",
            "props": Object {
              "children": "TestFilm",
              "replace": false,
              "to": "/movies/undefined",
            },
            "ref": null,
            "rendered": "TestFilm",
            "type": [Function],
          },
          "type": "h4",
        },
        Object {
          "instance": null,
          "key": undefined,
          "nodeType": "host",
          "props": Object {
            "children": <Link
              replace={false}
              to="/movies/undefined"
            >
              Horror
               (
              2018
              )
            </Link>,
          },
          "ref": null,
          "rendered": Object {
            "instance": null,
            "key": undefined,
            "nodeType": "class",
            "props": Object {
              "children": Array [
                "Horror",
                " (",
                "2018",
                ")",
              ],
              "replace": false,
              "to": "/movies/undefined",
            },
            "ref": null,
            "rendered": Array [
              "Horror",
              " (",
              "2018",
              ")",
            ],
            "type": [Function],
          },
          "type": "p",
        },
      ],
      "type": "div",
    },
  ],
  Symbol(enzyme.__options__): Object {
    "adapter": ReactSixteenAdapter {
      "options": Object {
        "enableComponentDidUpdateOnSetState": true,
      },
    },
  },
}
`;
